<html>
<body>
<pre>
<h1>µVision Build Log</h1>
<h2>Tool Versions:</h2>
IDE-Version: µVision V5.41.0.0
Copyright (C) 2024 ARM Ltd and ARM Germany GmbH. All rights reserved.
License Information: Stanley Barnes, University of Tennessee Knoxville, LIC=----
 
Tool Versions:
Toolchain:       MDK-Lite  Version: 5.41.0.0
Toolchain Path:  C:\Keil_v5\ARM\ARMCLANG\Bin
C Compiler:      ArmClang.exe V6.22
Assembler:       Armasm.exe V6.22
Linker/Locator:  ArmLink.exe V6.22
Library Manager: ArmAr.exe V6.22
Hex Converter:   FromElf.exe V6.22
CPU DLL:         SARMCM3.DLL V5.41.0.0
Dialog DLL:      DCM.DLL V1.17.5.0
Target DLL:      lmidk-agdi.dll V???
Dialog DLL:      TCM.DLL V1.56.4.0
 
<h2>Project:</h2>
C:\Users\Stan\Desktop\Final Project\Lab7.uvprojx
Project File Date:  05/03/2025

<h2>Output:</h2>
*** Using Compiler 'V6.22', folder: 'C:\Keil_v5\ARM\ARMCLANG\Bin'
Rebuild target 'Target 1'
assembling startup.s...
compiling lab7.c...
compiling systick.c...
compiling main.c...
compiling GPIOinit.c...
driverlib/cpu.c(103): warning: non-void function does not return a value [-Wreturn-type]
  103 | }
      | ^
driverlib/cpu.c(185): warning: non-void function does not return a value [-Wreturn-type]
  185 | }
      | ^
driverlib/cpu.c(267): warning: non-void function does not return a value [-Wreturn-type]
  267 | }
      | ^
driverlib/cpu.c(445): warning: non-void function does not return a value [-Wreturn-type]
  445 | }
      | ^
4 warnings generated.
compiling cpu.c...
compiling adc.c...
compiling gpio.c...
compiling interrupt.c...
compiling sysctl.c...
compiling uart.c...
compiling uartstdio.c...
linking...
Program Size: Code=3248 RO-data=16 RW-data=0 ZI-data=1128  
".\Objects\Lab8.axf" - 0 Error(s), 4 Warning(s).

<h2>Software Packages used:</h2>

<h2>Collection of Component include folders:</h2>

<h2>Collection of Component Files used:</h2>
Build Time Elapsed:  00:00:02
</pre>
</body>
</html>
